******************************************************************************
                  MSP430 Linker PC v18.12.1                    
******************************************************************************
>> Linked Thu Jun 13 15:43:49 2019

OUTPUT FILE NAME:   <RC_Ctrl.out>
ENTRY POINT SYMBOL: "_c_int00_noargs"  address: 0000ce9e


MEMORY CONFIGURATION

         name            origin    length      used     unused   attr    fill
----------------------  --------  ---------  --------  --------  ----  --------
  SFR                   00000000   00000010  00000000  00000010  RWIX
  PERIPHERALS_8BIT      00000010   000000f0  00000000  000000f0  RWIX
  PERIPHERALS_16BIT     00000100   00000100  00000000  00000100  RWIX
  RAM                   00000200   00000200  00000057  000001a9  RWIX
  INFOD                 00001000   00000040  00000000  00000040  RWIX
  INFOC                 00001040   00000040  00000000  00000040  RWIX
  INFOB                 00001080   00000040  00000000  00000040  RWIX
  INFOA                 000010c0   00000040  00000000  00000040  RWIX
  FLASH                 0000c000   00003fde  00000f96  00003048  RWIX
  BSLSIGNATURE          0000ffde   00000002  00000002  00000000  RWIX  ffff 
  INT00                 0000ffe0   00000002  00000002  00000000  RWIX
  INT01                 0000ffe2   00000002  00000000  00000002  RWIX
  INT02                 0000ffe4   00000002  00000002  00000000  RWIX
  INT03                 0000ffe6   00000002  00000002  00000000  RWIX
  INT04                 0000ffe8   00000002  00000000  00000002  RWIX
  INT05                 0000ffea   00000002  00000002  00000000  RWIX
  INT06                 0000ffec   00000002  00000002  00000000  RWIX
  INT07                 0000ffee   00000002  00000002  00000000  RWIX
  INT08                 0000fff0   00000002  00000002  00000000  RWIX
  INT09                 0000fff2   00000002  00000002  00000000  RWIX
  INT10                 0000fff4   00000002  00000002  00000000  RWIX
  INT11                 0000fff6   00000002  00000002  00000000  RWIX
  INT12                 0000fff8   00000002  00000002  00000000  RWIX
  INT13                 0000fffa   00000002  00000002  00000000  RWIX
  INT14                 0000fffc   00000002  00000002  00000000  RWIX
  RESET                 0000fffe   00000002  00000002  00000000  RWIX


SECTION ALLOCATION MAP

 output                                  attributes/
section   page    origin      length       input sections
--------  ----  ----------  ----------   ----------------
.data      0    00000200    00000006     UNINITIALIZED
                  00000200    00000006     main.obj (.data)

.bss       0    00000206    00000001     UNINITIALIZED
                  00000206    00000001     (.common:rx_data)

.stack     0    000003b0    00000050     UNINITIALIZED
                  000003b0    00000002     rts430_eabi.lib : boot.c.obj (.stack)
                  000003b2    0000004e     --HOLE--

.text      0    0000c000    00000f7c     
                  0000c000    00000478     rts430_eabi.lib : frcdivd.c.obj (.text:__TI_frcdivd)
                  0000c478    00000238                     : divd.c.obj (.text:__mspabi_divd)
                  0000c6b0    000001a4     main.obj (.text:main)
                  0000c854    00000110     main.obj (.text:Auto_Move)
                  0000c964    000000c4     rts430_eabi.lib : fs_mpy.asm.obj (.text)
                  0000ca28    000000c0     main.obj (.text:Move)
                  0000cae8    0000007c     rts430_eabi.lib : copy_decompress_lzss.c.obj (.text:decompress:lzss:__TI_decompress_lzss)
                  0000cb64    00000074                     : fixdul.c.obj (.text:__mspabi_fixdul)
                  0000cbd8    00000068                     : cvtfd.c.obj (.text:__mspabi_cvtfd)
                  0000cc40    0000005c                     : lsr32.asm.obj (.text:l_lsr_const)
                  0000cc9c    0000004c                     : lsr16.asm.obj (.text)
                  0000cce8    00000042                     : autoinit.c.obj (.text:__TI_auto_init_nobinit_nopinit:__TI_auto_init_nobinit_nopinit)
                  0000cd2a    0000003e                     : asr32.asm.obj (.text:l_asr_const)
                  0000cd68    0000003e                     : lsl32.asm.obj (.text:l_lsl_const)
                  0000cda6    00000032                     : fs_ultof.asm.obj (.text)
                  0000cdd8    0000002c                     : asr16.asm.obj (.text)
                  0000ce04    0000002c                     : lsl16.asm.obj (.text)
                  0000ce30    00000026                     : mult32.asm.obj (.text)
                  0000ce56    00000024     main.obj (.text:Sensor_INT_ISR)
                  0000ce7a    00000024     rts430_eabi.lib : fs_utof.asm.obj (.text)
                  0000ce9e    0000001c                     : boot.c.obj (.text:_c_int00_noargs)
                  0000ceba    00000018     main.obj (.text:SPI_RX_ISR)
                  0000ced2    00000014     rts430_eabi.lib : copy_zero_init.c.obj (.text:decompress:ZI:__TI_zero_init_nomemset:__TI_zero_init_nomemset)
                  0000cee6    00000014                     : mult16.asm.obj (.text)
                  0000cefa    00000012                     : fixdu.c.obj (.text:__mspabi_fixdu)
                  0000cf0c    00000012                     : copy_decompress_none.c.obj (.text:decompress:none:__TI_decompress_none)
                  0000cf1e    00000012                     : lsr32.asm.obj (.text:l_lsr)
                  0000cf30    00000012                     : memcpy.c.obj (.text:memcpy)
                  0000cf42    00000010                     : epilog.asm.obj (.text)
                  0000cf52    0000000c     main.obj (.text:SPI_send)
                  0000cf5e    0000000a     main.obj (.text:clear_count)
                  0000cf68    00000008     rts430_eabi.lib : isr_trap.asm.obj (.text:_isr:__TI_ISR_TRAP)
                  0000cf70    00000006                     : exit.c.obj (.text:abort)
                  0000cf76    00000004                     : pre_init.c.obj (.text:_system_pre_init)
                  0000cf7a    00000002                     : startup.c.obj (.text:_system_post_cinit)

.cinit     0    0000cf7c    0000001a     
                  0000cf7c    00000007     (.cinit..data.load) [load image, compression = lzss]
                  0000cf83    00000001     --HOLE-- [fill = 0]
                  0000cf84    00000006     (__TI_handler_table)
                  0000cf8a    00000004     (.cinit..bss.load) [load image, compression = zero_init]
                  0000cf8e    00000008     (__TI_cinit_table)

.binit     0    0000c000    00000000     

.init_array 
*          0    0000c000    00000000     UNINITIALIZED

TRAPINT    0    0000ffe0    00000002     
                  0000ffe0    00000002     rts430_eabi.lib : int00.asm.obj (.int00)

PORT1      0    0000ffe4    00000002     
                  0000ffe4    00000002     main.obj (.int02)

PORT2      0    0000ffe6    00000002     
                  0000ffe6    00000002     rts430_eabi.lib : int03.asm.obj (.int03)

ADC10      0    0000ffea    00000002     
                  0000ffea    00000002     rts430_eabi.lib : int05.asm.obj (.int05)

USCIAB0TX 
*          0    0000ffec    00000002     
                  0000ffec    00000002     rts430_eabi.lib : int06.asm.obj (.int06)

USCIAB0RX 
*          0    0000ffee    00000002     
                  0000ffee    00000002     main.obj (.int07)

TIMER0_A1 
*          0    0000fff0    00000002     
                  0000fff0    00000002     rts430_eabi.lib : int08.asm.obj (.int08)

TIMER0_A0 
*          0    0000fff2    00000002     
                  0000fff2    00000002     rts430_eabi.lib : int09.asm.obj (.int09)

WDT        0    0000fff4    00000002     
                  0000fff4    00000002     rts430_eabi.lib : int10.asm.obj (.int10)

COMPARATORA 
*          0    0000fff6    00000002     
                  0000fff6    00000002     rts430_eabi.lib : int11.asm.obj (.int11)

TIMER1_A1 
*          0    0000fff8    00000002     
                  0000fff8    00000002     rts430_eabi.lib : int12.asm.obj (.int12)

TIMER1_A0 
*          0    0000fffa    00000002     
                  0000fffa    00000002     rts430_eabi.lib : int13.asm.obj (.int13)

NMI        0    0000fffc    00000002     
                  0000fffc    00000002     rts430_eabi.lib : int14.asm.obj (.int14)

.reset     0    0000fffe    00000002     
                  0000fffe    00000002     rts430_eabi.lib : boot.c.obj (.reset)

$fill000   0    0000ffde    00000002     
                  0000ffde    00000002     --HOLE-- [fill = ffff]

MODULE SUMMARY

       Module                       code   ro data   rw data
       ------                       ----   -------   -------
    .\
       main.obj                     966    4         7      
    +--+----------------------------+------+---------+---------+
       Total:                       966    4         7      
                                                            
    D:\ti\ccs901\ccs\tools\compiler\ti-cgt-msp430_18.12.1.LTS\lib\rts430_eabi.lib
       frcdivd.c.obj                1144   0         0      
       divd.c.obj                   568    0         0      
       fs_mpy.asm.obj               196    0         0      
       copy_decompress_lzss.c.obj   124    0         0      
       fixdul.c.obj                 116    0         0      
       lsr32.asm.obj                110    0         0      
       cvtfd.c.obj                  104    0         0      
       lsr16.asm.obj                76     0         0      
       autoinit.c.obj               66     0         0      
       asr32.asm.obj                62     0         0      
       lsl32.asm.obj                62     0         0      
       fs_ultof.asm.obj             50     0         0      
       asr16.asm.obj                44     0         0      
       lsl16.asm.obj                44     0         0      
       mult32.asm.obj               38     0         0      
       fs_utof.asm.obj              36     0         0      
       boot.c.obj                   28     2         0      
       copy_zero_init.c.obj         20     0         0      
       mult16.asm.obj               20     0         0      
       copy_decompress_none.c.obj   18     0         0      
       fixdu.c.obj                  18     0         0      
       memcpy.c.obj                 18     0         0      
       epilog.asm.obj               16     0         0      
       isr_trap.asm.obj             8      0         0      
       exit.c.obj                   6      0         0      
       pre_init.c.obj               4      0         0      
       int00.asm.obj                0      2         0      
       int03.asm.obj                0      2         0      
       int05.asm.obj                0      2         0      
       int06.asm.obj                0      2         0      
       int08.asm.obj                0      2         0      
       int09.asm.obj                0      2         0      
       int10.asm.obj                0      2         0      
       int11.asm.obj                0      2         0      
       int12.asm.obj                0      2         0      
       int13.asm.obj                0      2         0      
       int14.asm.obj                0      2         0      
       startup.c.obj                2      0         0      
    +--+----------------------------+------+---------+---------+
       Total:                       2998   24        0      
                                                            
       Stack:                       0      0         80     
       Linker Generated:            0      25        0      
    +--+----------------------------+------+---------+---------+
       Grand Total:                 3964   53        87     


LINKER GENERATED COPY TABLES

__TI_cinit_table @ 0000cf8e records: 2, size/record: 4, table size: 8
	.data: load addr=0000cf7c, load size=00000007 bytes, run addr=00000200, run size=00000006 bytes, compression=lzss
	.bss: load addr=0000cf8a, load size=00000004 bytes, run addr=00000206, run size=00000001 bytes, compression=zero_init


LINKER GENERATED HANDLER TABLE

__TI_handler_table @ 0000cf84 records: 3, size/record: 2, table size: 6
	index: 0, handler: __TI_zero_init
	index: 1, handler: __TI_decompress_lzss
	index: 2, handler: __TI_decompress_none


GLOBAL SYMBOLS: SORTED ALPHABETICALLY BY Name 

address   name                          
-------   ----                          
0000004a  ADC10AE0                      
000001b0  ADC10CTL0                     
000001b2  ADC10CTL1                     
00000048  ADC10DTC0                     
00000049  ADC10DTC1                     
000001b4  ADC10MEM                      
000001bc  ADC10SA                       
0000c854  Auto_Move                     
00000057  BCSCTL1                       
00000058  BCSCTL2                       
00000053  BCSCTL3                       
0000cf70  C$$EXIT                       
00000059  CACTL1                        
0000005a  CACTL2                        
000010fb  CALBC1_12MHZ                  
000010f9  CALBC1_16MHZ                  
000010ff  CALBC1_1MHZ                   
000010fd  CALBC1_8MHZ                   
000010fa  CALDCO_12MHZ                  
000010f8  CALDCO_16MHZ                  
000010fe  CALDCO_1MHZ                   
000010fc  CALDCO_8MHZ                   
0000005b  CAPD                          
00000202  COUNTL                        
00000204  COUNTR                        
00000056  DCOCTL                        
00000128  FCTL1                         
0000012a  FCTL2                         
0000012c  FCTL3                         
00000000  IE1                           
00000001  IE2                           
00000002  IFG1                          
00000003  IFG2                          
0000ca28  Move                          
00000022  P1DIR                         
00000025  P1IE                          
00000024  P1IES                         
00000023  P1IFG                         
00000020  P1IN                          
00000021  P1OUT                         
00000027  P1REN                         
00000026  P1SEL                         
00000041  P1SEL2                        
0000002a  P2DIR                         
0000002d  P2IE                          
0000002c  P2IES                         
0000002b  P2IFG                         
00000028  P2IN                          
00000029  P2OUT                         
0000002f  P2REN                         
0000002e  P2SEL                         
00000042  P2SEL2                        
0000001a  P3DIR                         
00000018  P3IN                          
00000019  P3OUT                         
00000010  P3REN                         
0000001b  P3SEL                         
00000043  P3SEL2                        
0000ceba  SPI_RX_ISR                    
0000cf52  SPI_send                      
0000ce56  Sensor_INT_ISR                
00000172  TA0CCR0                       
00000174  TA0CCR1                       
00000176  TA0CCR2                       
00000162  TA0CCTL0                      
00000164  TA0CCTL1                      
00000166  TA0CCTL2                      
00000160  TA0CTL                        
0000012e  TA0IV                         
00000170  TA0R                          
00000192  TA1CCR0                       
00000194  TA1CCR1                       
00000196  TA1CCR2                       
00000182  TA1CCTL0                      
00000184  TA1CCTL1                      
00000186  TA1CCTL2                      
00000180  TA1CTL                        
0000011e  TA1IV                         
00000190  TA1R                          
000010db  TLV_ADC10_1_LEN               
000010da  TLV_ADC10_1_TAG               
000010c0  TLV_CHECKSUM                  
000010f7  TLV_DCO_30_LEN                
000010f6  TLV_DCO_30_TAG                
0000005d  UCA0ABCTL                     
00000062  UCA0BR0                       
00000063  UCA0BR1                       
00000060  UCA0CTL0                      
00000061  UCA0CTL1                      
0000005f  UCA0IRRCTL                    
0000005e  UCA0IRTCTL                    
00000064  UCA0MCTL                      
00000066  UCA0RXBUF                     
00000065  UCA0STAT                      
00000067  UCA0TXBUF                     
0000006a  UCB0BR0                       
0000006b  UCB0BR1                       
00000068  UCB0CTL0                      
00000069  UCB0CTL1                      
0000006c  UCB0I2CIE                     
00000118  UCB0I2COA                     
0000011a  UCB0I2CSA                     
0000006e  UCB0RXBUF                     
0000006d  UCB0STAT                      
0000006f  UCB0TXBUF                     
00000120  WDTCTL                        
00000400  __STACK_END                   
00000050  __STACK_SIZE                  
0000cf8e  __TI_CINIT_Base               
0000cf96  __TI_CINIT_Limit              
0000cf84  __TI_Handler_Table_Base       
0000cf8a  __TI_Handler_Table_Limit      
0000cf68  __TI_ISR_TRAP                 
0000cce8  __TI_auto_init_nobinit_nopinit
0000cae8  __TI_decompress_lzss          
0000cf0c  __TI_decompress_none          
0000c000  __TI_frcdivd                  
0000ffe0  __TI_int00                    
0000ffe4  __TI_int02                    
0000ffe6  __TI_int03                    
0000ffea  __TI_int05                    
0000ffec  __TI_int06                    
0000ffee  __TI_int07                    
0000fff0  __TI_int08                    
0000fff2  __TI_int09                    
0000fff4  __TI_int10                    
0000fff6  __TI_int11                    
0000fff8  __TI_int12                    
0000fffa  __TI_int13                    
0000fffc  __TI_int14                    
ffffffff  __TI_pprof_out_hndl           
ffffffff  __TI_prof_data_size           
ffffffff  __TI_prof_data_start          
0000ced2  __TI_zero_init_nomemset       
ffffffff  __c_args__                    
0000cbd8  __mspabi_cvtfd                
0000c478  __mspabi_divd                 
0000cefa  __mspabi_fixdu                
0000cb64  __mspabi_fixdul               
0000ce7a  __mspabi_fltuf                
0000cda6  __mspabi_fltulf               
0000cf4e  __mspabi_func_epilog_1        
0000cf4c  __mspabi_func_epilog_2        
0000cf4a  __mspabi_func_epilog_3        
0000cf48  __mspabi_func_epilog_4        
0000cf46  __mspabi_func_epilog_5        
0000cf44  __mspabi_func_epilog_6        
0000cf42  __mspabi_func_epilog_7        
0000c964  __mspabi_mpyf                 
0000cee6  __mspabi_mpyi                 
0000cee6  __mspabi_mpyi_sw              
0000ce30  __mspabi_mpyl                 
0000ce30  __mspabi_mpyl_sw              
0000ce04  __mspabi_slli                 
0000ce2c  __mspabi_slli_1               
0000ce1a  __mspabi_slli_10              
0000ce18  __mspabi_slli_11              
0000ce16  __mspabi_slli_12              
0000ce14  __mspabi_slli_13              
0000ce12  __mspabi_slli_14              
0000ce10  __mspabi_slli_15              
0000ce2a  __mspabi_slli_2               
0000ce28  __mspabi_slli_3               
0000ce26  __mspabi_slli_4               
0000ce24  __mspabi_slli_5               
0000ce22  __mspabi_slli_6               
0000ce20  __mspabi_slli_7               
0000ce1e  __mspabi_slli_8               
0000ce1c  __mspabi_slli_9               
0000cda0  __mspabi_slll_1               
0000cd7c  __mspabi_slll_10              
0000cd78  __mspabi_slll_11              
0000cd74  __mspabi_slll_12              
0000cd70  __mspabi_slll_13              
0000cd6c  __mspabi_slll_14              
0000cd68  __mspabi_slll_15              
0000cd9c  __mspabi_slll_2               
0000cd98  __mspabi_slll_3               
0000cd94  __mspabi_slll_4               
0000cd90  __mspabi_slll_5               
0000cd8c  __mspabi_slll_6               
0000cd88  __mspabi_slll_7               
0000cd84  __mspabi_slll_8               
0000cd80  __mspabi_slll_9               
0000cdd8  __mspabi_srai                 
0000ce00  __mspabi_srai_1               
0000cdee  __mspabi_srai_10              
0000cdec  __mspabi_srai_11              
0000cdea  __mspabi_srai_12              
0000cde8  __mspabi_srai_13              
0000cde6  __mspabi_srai_14              
0000cde4  __mspabi_srai_15              
0000cdfe  __mspabi_srai_2               
0000cdfc  __mspabi_srai_3               
0000cdfa  __mspabi_srai_4               
0000cdf8  __mspabi_srai_5               
0000cdf6  __mspabi_srai_6               
0000cdf4  __mspabi_srai_7               
0000cdf2  __mspabi_srai_8               
0000cdf0  __mspabi_srai_9               
0000cd62  __mspabi_sral_1               
0000cd3e  __mspabi_sral_10              
0000cd3a  __mspabi_sral_11              
0000cd36  __mspabi_sral_12              
0000cd32  __mspabi_sral_13              
0000cd2e  __mspabi_sral_14              
0000cd2a  __mspabi_sral_15              
0000cd5e  __mspabi_sral_2               
0000cd5a  __mspabi_sral_3               
0000cd56  __mspabi_sral_4               
0000cd52  __mspabi_sral_5               
0000cd4e  __mspabi_sral_6               
0000cd4a  __mspabi_sral_7               
0000cd46  __mspabi_sral_8               
0000cd42  __mspabi_sral_9               
0000cc9c  __mspabi_srli                 
0000cce2  __mspabi_srli_1               
0000ccbe  __mspabi_srli_10              
0000ccba  __mspabi_srli_11              
0000ccb6  __mspabi_srli_12              
0000ccb2  __mspabi_srli_13              
0000ccae  __mspabi_srli_14              
0000ccaa  __mspabi_srli_15              
0000ccde  __mspabi_srli_2               
0000ccda  __mspabi_srli_3               
0000ccd6  __mspabi_srli_4               
0000ccd2  __mspabi_srli_5               
0000ccce  __mspabi_srli_6               
0000ccca  __mspabi_srli_7               
0000ccc6  __mspabi_srli_8               
0000ccc2  __mspabi_srli_9               
0000cf1e  __mspabi_srll                 
0000cc94  __mspabi_srll_1               
0000cc5e  __mspabi_srll_10              
0000cc58  __mspabi_srll_11              
0000cc52  __mspabi_srll_12              
0000cc4c  __mspabi_srll_13              
0000cc46  __mspabi_srll_14              
0000cc40  __mspabi_srll_15              
0000cc8e  __mspabi_srll_2               
0000cc88  __mspabi_srll_3               
0000cc82  __mspabi_srll_4               
0000cc7c  __mspabi_srll_5               
0000cc76  __mspabi_srll_6               
0000cc70  __mspabi_srll_7               
0000cc6a  __mspabi_srll_8               
0000cc64  __mspabi_srll_9               
0000ce9e  _c_int00_noargs               
0000fffe  _reset_vector                 
000003b0  _stack                        
0000cf7a  _system_post_cinit            
0000cf76  _system_pre_init              
0000cf70  abort                         
0000cf5e  clear_count                   
0000c6b0  main                          
0000cf30  memcpy                        
00000206  rx_data                       
00000200  rx_flag                       


GLOBAL SYMBOLS: SORTED BY Symbol Address 

address   name                          
-------   ----                          
00000000  IE1                           
00000001  IE2                           
00000002  IFG1                          
00000003  IFG2                          
00000010  P3REN                         
00000018  P3IN                          
00000019  P3OUT                         
0000001a  P3DIR                         
0000001b  P3SEL                         
00000020  P1IN                          
00000021  P1OUT                         
00000022  P1DIR                         
00000023  P1IFG                         
00000024  P1IES                         
00000025  P1IE                          
00000026  P1SEL                         
00000027  P1REN                         
00000028  P2IN                          
00000029  P2OUT                         
0000002a  P2DIR                         
0000002b  P2IFG                         
0000002c  P2IES                         
0000002d  P2IE                          
0000002e  P2SEL                         
0000002f  P2REN                         
00000041  P1SEL2                        
00000042  P2SEL2                        
00000043  P3SEL2                        
00000048  ADC10DTC0                     
00000049  ADC10DTC1                     
0000004a  ADC10AE0                      
00000050  __STACK_SIZE                  
00000053  BCSCTL3                       
00000056  DCOCTL                        
00000057  BCSCTL1                       
00000058  BCSCTL2                       
00000059  CACTL1                        
0000005a  CACTL2                        
0000005b  CAPD                          
0000005d  UCA0ABCTL                     
0000005e  UCA0IRTCTL                    
0000005f  UCA0IRRCTL                    
00000060  UCA0CTL0                      
00000061  UCA0CTL1                      
00000062  UCA0BR0                       
00000063  UCA0BR1                       
00000064  UCA0MCTL                      
00000065  UCA0STAT                      
00000066  UCA0RXBUF                     
00000067  UCA0TXBUF                     
00000068  UCB0CTL0                      
00000069  UCB0CTL1                      
0000006a  UCB0BR0                       
0000006b  UCB0BR1                       
0000006c  UCB0I2CIE                     
0000006d  UCB0STAT                      
0000006e  UCB0RXBUF                     
0000006f  UCB0TXBUF                     
00000118  UCB0I2COA                     
0000011a  UCB0I2CSA                     
0000011e  TA1IV                         
00000120  WDTCTL                        
00000128  FCTL1                         
0000012a  FCTL2                         
0000012c  FCTL3                         
0000012e  TA0IV                         
00000160  TA0CTL                        
00000162  TA0CCTL0                      
00000164  TA0CCTL1                      
00000166  TA0CCTL2                      
00000170  TA0R                          
00000172  TA0CCR0                       
00000174  TA0CCR1                       
00000176  TA0CCR2                       
00000180  TA1CTL                        
00000182  TA1CCTL0                      
00000184  TA1CCTL1                      
00000186  TA1CCTL2                      
00000190  TA1R                          
00000192  TA1CCR0                       
00000194  TA1CCR1                       
00000196  TA1CCR2                       
000001b0  ADC10CTL0                     
000001b2  ADC10CTL1                     
000001b4  ADC10MEM                      
000001bc  ADC10SA                       
00000200  rx_flag                       
00000202  COUNTL                        
00000204  COUNTR                        
00000206  rx_data                       
000003b0  _stack                        
00000400  __STACK_END                   
000010c0  TLV_CHECKSUM                  
000010da  TLV_ADC10_1_TAG               
000010db  TLV_ADC10_1_LEN               
000010f6  TLV_DCO_30_TAG                
000010f7  TLV_DCO_30_LEN                
000010f8  CALDCO_16MHZ                  
000010f9  CALBC1_16MHZ                  
000010fa  CALDCO_12MHZ                  
000010fb  CALBC1_12MHZ                  
000010fc  CALDCO_8MHZ                   
000010fd  CALBC1_8MHZ                   
000010fe  CALDCO_1MHZ                   
000010ff  CALBC1_1MHZ                   
0000c000  __TI_frcdivd                  
0000c478  __mspabi_divd                 
0000c6b0  main                          
0000c854  Auto_Move                     
0000c964  __mspabi_mpyf                 
0000ca28  Move                          
0000cae8  __TI_decompress_lzss          
0000cb64  __mspabi_fixdul               
0000cbd8  __mspabi_cvtfd                
0000cc40  __mspabi_srll_15              
0000cc46  __mspabi_srll_14              
0000cc4c  __mspabi_srll_13              
0000cc52  __mspabi_srll_12              
0000cc58  __mspabi_srll_11              
0000cc5e  __mspabi_srll_10              
0000cc64  __mspabi_srll_9               
0000cc6a  __mspabi_srll_8               
0000cc70  __mspabi_srll_7               
0000cc76  __mspabi_srll_6               
0000cc7c  __mspabi_srll_5               
0000cc82  __mspabi_srll_4               
0000cc88  __mspabi_srll_3               
0000cc8e  __mspabi_srll_2               
0000cc94  __mspabi_srll_1               
0000cc9c  __mspabi_srli                 
0000ccaa  __mspabi_srli_15              
0000ccae  __mspabi_srli_14              
0000ccb2  __mspabi_srli_13              
0000ccb6  __mspabi_srli_12              
0000ccba  __mspabi_srli_11              
0000ccbe  __mspabi_srli_10              
0000ccc2  __mspabi_srli_9               
0000ccc6  __mspabi_srli_8               
0000ccca  __mspabi_srli_7               
0000ccce  __mspabi_srli_6               
0000ccd2  __mspabi_srli_5               
0000ccd6  __mspabi_srli_4               
0000ccda  __mspabi_srli_3               
0000ccde  __mspabi_srli_2               
0000cce2  __mspabi_srli_1               
0000cce8  __TI_auto_init_nobinit_nopinit
0000cd2a  __mspabi_sral_15              
0000cd2e  __mspabi_sral_14              
0000cd32  __mspabi_sral_13              
0000cd36  __mspabi_sral_12              
0000cd3a  __mspabi_sral_11              
0000cd3e  __mspabi_sral_10              
0000cd42  __mspabi_sral_9               
0000cd46  __mspabi_sral_8               
0000cd4a  __mspabi_sral_7               
0000cd4e  __mspabi_sral_6               
0000cd52  __mspabi_sral_5               
0000cd56  __mspabi_sral_4               
0000cd5a  __mspabi_sral_3               
0000cd5e  __mspabi_sral_2               
0000cd62  __mspabi_sral_1               
0000cd68  __mspabi_slll_15              
0000cd6c  __mspabi_slll_14              
0000cd70  __mspabi_slll_13              
0000cd74  __mspabi_slll_12              
0000cd78  __mspabi_slll_11              
0000cd7c  __mspabi_slll_10              
0000cd80  __mspabi_slll_9               
0000cd84  __mspabi_slll_8               
0000cd88  __mspabi_slll_7               
0000cd8c  __mspabi_slll_6               
0000cd90  __mspabi_slll_5               
0000cd94  __mspabi_slll_4               
0000cd98  __mspabi_slll_3               
0000cd9c  __mspabi_slll_2               
0000cda0  __mspabi_slll_1               
0000cda6  __mspabi_fltulf               
0000cdd8  __mspabi_srai                 
0000cde4  __mspabi_srai_15              
0000cde6  __mspabi_srai_14              
0000cde8  __mspabi_srai_13              
0000cdea  __mspabi_srai_12              
0000cdec  __mspabi_srai_11              
0000cdee  __mspabi_srai_10              
0000cdf0  __mspabi_srai_9               
0000cdf2  __mspabi_srai_8               
0000cdf4  __mspabi_srai_7               
0000cdf6  __mspabi_srai_6               
0000cdf8  __mspabi_srai_5               
0000cdfa  __mspabi_srai_4               
0000cdfc  __mspabi_srai_3               
0000cdfe  __mspabi_srai_2               
0000ce00  __mspabi_srai_1               
0000ce04  __mspabi_slli                 
0000ce10  __mspabi_slli_15              
0000ce12  __mspabi_slli_14              
0000ce14  __mspabi_slli_13              
0000ce16  __mspabi_slli_12              
0000ce18  __mspabi_slli_11              
0000ce1a  __mspabi_slli_10              
0000ce1c  __mspabi_slli_9               
0000ce1e  __mspabi_slli_8               
0000ce20  __mspabi_slli_7               
0000ce22  __mspabi_slli_6               
0000ce24  __mspabi_slli_5               
0000ce26  __mspabi_slli_4               
0000ce28  __mspabi_slli_3               
0000ce2a  __mspabi_slli_2               
0000ce2c  __mspabi_slli_1               
0000ce30  __mspabi_mpyl                 
0000ce30  __mspabi_mpyl_sw              
0000ce56  Sensor_INT_ISR                
0000ce7a  __mspabi_fltuf                
0000ce9e  _c_int00_noargs               
0000ceba  SPI_RX_ISR                    
0000ced2  __TI_zero_init_nomemset       
0000cee6  __mspabi_mpyi                 
0000cee6  __mspabi_mpyi_sw              
0000cefa  __mspabi_fixdu                
0000cf0c  __TI_decompress_none          
0000cf1e  __mspabi_srll                 
0000cf30  memcpy                        
0000cf42  __mspabi_func_epilog_7        
0000cf44  __mspabi_func_epilog_6        
0000cf46  __mspabi_func_epilog_5        
0000cf48  __mspabi_func_epilog_4        
0000cf4a  __mspabi_func_epilog_3        
0000cf4c  __mspabi_func_epilog_2        
0000cf4e  __mspabi_func_epilog_1        
0000cf52  SPI_send                      
0000cf5e  clear_count                   
0000cf68  __TI_ISR_TRAP                 
0000cf70  C$$EXIT                       
0000cf70  abort                         
0000cf76  _system_pre_init              
0000cf7a  _system_post_cinit            
0000cf84  __TI_Handler_Table_Base       
0000cf8a  __TI_Handler_Table_Limit      
0000cf8e  __TI_CINIT_Base               
0000cf96  __TI_CINIT_Limit              
0000ffe0  __TI_int00                    
0000ffe4  __TI_int02                    
0000ffe6  __TI_int03                    
0000ffea  __TI_int05                    
0000ffec  __TI_int06                    
0000ffee  __TI_int07                    
0000fff0  __TI_int08                    
0000fff2  __TI_int09                    
0000fff4  __TI_int10                    
0000fff6  __TI_int11                    
0000fff8  __TI_int12                    
0000fffa  __TI_int13                    
0000fffc  __TI_int14                    
0000fffe  _reset_vector                 
ffffffff  __TI_pprof_out_hndl           
ffffffff  __TI_prof_data_size           
ffffffff  __TI_prof_data_start          
ffffffff  __c_args__                    

[258 symbols]
